// Jest Snapshot v1, https://goo.gl/fbAQLP

exports[`gift selector buildApiUrl Should build url 1`] = `"/enterprise/dashboard/breakdown/gifts?page=1&per_page=10&search=asd&sort=recipient_full_name&sort_direction=asc"`;

exports[`gift selector buildReportUrl Should build url 1`] = `"/enterprise/report/gift_breakdown?page=1&per_page=10&search=asd&sort=recipient_full_name&sort_direction=asc"`;

exports[`gift selector getReportFileName Should build name with all params 1`] = `"Gifts breakdown-WEX: sales dep-Team-campaign 4 test-Campaign-Shyanne Borer-2019-03-12-2019-03-13.xlsx"`;

exports[`gift selector getReportFileName Should build name without params 1`] = `"Gifts breakdown.xlsx"`;
