// Jest Snapshot v1, https://goo.gl/fbAQLP

exports[`history.selector buildApiUrl Should build url 1`] = `"/enterprise/contact/undefined/gift-history?campaign_id=1&date_range_from=11%2F11%2F2019&date_range_to=12%2F12%2F2019&team_id=1&team_member_id=1"`;
